// Jest Snapshot v1, https://goo.gl/fbAQLP

exports[`App  does async stuff in expected order 1`] = `<View />`;
